By Area/E03.csv
Date,Area,Sales,Avg_Price,Med_Price
2000-01-01,E03,17,113529,110000
2000-02-01,E03,37,124641,120000
2000-04-01,E03,37,140230,126500
2000-05-01,E03,40,132115,120250
2000-06-01,E03,29,122847,127500
2000-08-01,E03,38,133445,120300
2000-09-01,E03,33,132727,128000
2000-10-01,E03,36,149314,130200
2000-11-01,E03,39,137359,130000
2000-12-01,E03,19,144337,136000
2001-01-01,E03,23,134693,127000
2001-02-01,E03,21,129676,121000
2001-03-01,E03,36,136511,131000
2001-04-01,E03,34,134719,129000
2001-05-01,E03,30,133110,135500
2001-06-01,E03,40,136343,129750
2001-07-01,E03,34,135756,122000
2001-08-01,E03,38,137679,131350
2001-09-01,E03,27,141541,133500
2001-10-01,E03,29,129379,128500
2001-11-01,E03,40,142860,133750
2001-12-01,E03,25,137344,132400
2002-01-01,E03,33,143815,140000
2002-02-01,E03,37,146300,141000
2002-03-01,E03,40,140740,135694
2002-04-01,E03,46,165587,152000
2002-05-01,E03,31,162819,154000
2002-06-01,E03,31,149276,147000
2002-07-01,E03,20,154395,145000
2002-08-01,E03,33,145862,145000
2002-09-01,E03,34,161082,152250
2002-10-01,E03,38,151089,145000
2002-11-01,E03,33,156686,153500
2002-12-01,E03,26,154481,154500
2003-01-01,E03,18,148583,140250
2003-02-01,E03,33,153276,144000
2003-03-01,E03,31,149561,147000
2003-04-01,E03,26,169492,156950
2003-05-01,E03,30,169430,162950
2003-06-01,E03,36,158463,157000
2003-07-01,E03,40,165836,150500
2003-08-01,E03,38,174998,156500
2003-09-01,E03,24,183204,159500
2003-10-01,E03,35,152974,145000
2003-11-01,E03,40,165503,156600
2003-12-01,E03,15,150533,144000
2004-01-01,E03,26,155265,153000
2004-02-01,E03,26,149862,147250
2004-03-01,E03,32,157341,148250
2004-04-01,E03,36,175807,153500
2004-05-01,E03,30,159423,141950
2004-06-01,E03,37,173028,154500
2004-07-01,E03,34,159900,153750
2004-08-01,E03,27,163559,151500
2004-09-01,E03,24,165115,159950
2004-10-01,E03,28,161071,157000
2004-11-01,E03,21,183781,155000
2004-12-01,E03,16,138625,134500
2005-01-01,E03,17,148994,149500
2005-02-01,E03,18,162689,150000
2005-03-01,E03,31,155881,141000
2005-04-01,E03,19,150468,155000
2005-05-01,E03,38,170795,154750
2005-06-01,E03,30,171730,151000
2005-07-01,E03,38,159838,159250
2005-08-01,E03,19,154816,146100
2005-09-01,E03,25,161712,137700
2005-10-01,E03,25,153472,135000
2005-11-01,E03,31,170361,156000
2005-12-01,E03,10,155000,148000
2006-01-01,E03,22,169755,154750
2006-02-01,E03,21,160286,151000
2006-03-01,E03,23,157017,156000
2006-04-01,E03,25,183134,160000
2006-05-01,E03,31,185836,166000
2006-06-01,E03,30,141973,136500
2006-07-01,E03,37,173541,157000
2006-08-01,E03,26,151931,132500
2006-09-01,E03,17,145782,127000
2006-10-01,E03,29,172100,157000
2006-11-01,E03,27,177993,166000
2006-12-01,E03,20,185100,155000
2007-01-01,E03,12,138292,125500
2007-02-01,E03,19,149926,145500
2007-03-01,E03,38,189241,158000
2007-04-01,E03,26,181592,159000
2007-05-01,E03,28,177568,152500
2007-06-01,E03,39,185710,160000
2007-07-01,E03,36,185327,150500
2007-08-01,E03,29,164375,148500
2007-09-01,E03,19,196148,170000
2007-10-01,E03,28,154654,153000
2007-11-01,E03,24,152892,136750
2007-12-01,E03,19,169711,148000
2008-01-01,E03,16,166474,149250
2008-02-01,E03,29,244834,180000
2008-03-01,E03,23,163317,154800
2008-04-01,E03,26,168788,163500
2008-05-01,E03,28,206528,162750
2008-06-01,E03,22,161314,160000
2008-07-01,E03,27,176396,159900
2008-08-01,E03,19,160653,153000
2008-09-01,E03,28,155843,141500
2008-10-01,E03,18,181972,158000
2008-11-01,E03,13,174115,150000
2008-12-01,E03,13,159498,148000
2009-01-01,E03,17,165206,145000
2009-02-01,E03,18,145306,134000
2009-03-01,E03,21,150999,137500
2009-04-01,E03,23,163983,138000
2009-05-01,E03,28,165889,152500
2009-06-01,E03,27,206300,160000
2009-07-01,E03,32,175438,158000
2009-08-01,E03,34,173965,158750
2009-09-01,E03,19,181293,154000
2009-10-01,E03,27,187885,157000
2009-11-01,E03,30,173503,158750
2009-12-01,E03,33,174852,160000
2010-01-01,E03,24,188054,148000
2010-02-01,E03,21,200448,159500
2010-03-01,E03,29,196843,170000
2010-04-01,E03,40,235865,179950
2010-05-01,E03,25,255140,207500
2010-06-01,E03,31,224177,171500
2010-07-01,E03,23,190435,168000
2010-08-01,E03,16,242525,175500
2010-09-01,E03,18,215389,178500
2010-10-01,E03,22,226443,179000
2010-11-01,E03,24,209375,177000
2010-12-01,E03,15,200873,190000
2011-01-01,E03,17,204059,174000
2011-02-01,E03,18,228906,176000
2011-03-01,E03,27,212732,186750
2011-04-01,E03,24,216450,178750
2011-05-01,E03,36,208971,182450
2011-06-01,E03,26,222013,202500
2011-07-01,E03,20,187970,157750
2011-08-01,E03,12,154542,143500
2011-09-01,E03,6,156167,142500
2011-10-01,E03,14,183214,139250
2011-11-01,E03,11,183264,140000
2011-12-01,E03,9,219711,174000
2012-01-01,E03,9,198822,179500
2012-02-01,E03,8,228625,192500
2012-03-01,E03,17,186371,142000
2012-04-01,E03,11,267618,232900
2012-05-01,E03,11,359545,185000
2012-06-01,E03,14,210386,183750
2012-07-01,E03,9,198611,176500
2012-08-01,E03,10,191500,137750
2012-09-01,E03,6,141683,136000
2012-10-01,E03,14,198286,158750
2012-11-01,E03,7,169400,144000
2012-12-01,E03,9,190444,140000
2013-01-01,E03,8,250538,178000
2013-02-01,E03,11,241864,143000
2013-03-01,E03,5,291900,194000
2013-04-01,E03,21,202948,150000
2013-05-01,E03,9,187144,148800
2013-06-01,E03,14,209929,148250
2013-07-01,E03,13,193954,148000
2013-08-01,E03,6,274000,160500
2013-09-01,E03,12,199917,155500
2013-10-01,E03,9,258056,148000
2013-11-01,E03,6,165000,151750
2013-12-01,E03,5,137400,137500
2014-01-01,E03,5,191800,155500
2014-02-01,E03,6,287167,276500
2014-03-01,E03,9,265011,195000
2014-04-01,E03,11,246182,200000
2014-05-01,E03,10,244430,182000
2014-06-01,E03,10,270950,163250
2014-07-01,E03,13,237777,168200
2014-08-01,E03,13,192731,164000
2014-09-01,E03,8,266675,159950
2014-10-01,E03,9,365333,359000
2014-11-01,E03,8,263750,204250
2014-12-01,E03,6,236167,217000
2015-01-01,E03,6,292333,231000
2015-02-01,E03,11,405109,280000
2015-03-01,E03,18,307268,203414
2015-04-01,E03,10,199525,204300
2015-05-01,E03,24,235421,200000
2015-06-01,E03,21,262638,208000
2015-07-01,E03,9,207267,213000
2015-08-01,E03,8,223000,223000
2015-09-01,E03,5,276580,215000
2015-10-01,E03,11,299274,224000
2015-11-01,E03,12,305000,198500
2015-12-01,E03,13,231315,196500
2016-01-01,E03,8,222588,213500
2016-02-01,E03,10,249850,209750
2016-03-01,E03,11,254127,249900
2016-04-01,E03,10,308500,230750
2016-05-01,E03,17,322129,223000
2016-06-01,E03,8,220538,218250
2016-07-01,E03,13,235538,235000
2016-08-01,E03,17,236724,225000
2016-09-01,E03,13,334935,240000
2016-10-01,E03,6,423083,452500
2016-11-01,E03,8,243763,213550
2016-12-01,E03,11,357027,310000
2017-01-01,E03,8,397885,383550
2017-02-01,E03,11,358818,268500
2017-03-01,E03,13,359246,261000
2017-04-01,E03,8,350810,283750
2017-05-01,E03,10,457000,463000
2017-06-01,E03,13,317838,280000
2017-07-01,E03,5,280600,230000
2017-08-01,E03,8,344875,282500
2017-09-01,E03,11,333809,298000
2017-10-01,E03,12,321167,299500
2017-11-01,E03,16,387525,324250
2017-12-01,E03,6,331000,295500
2018-01-01,E03,4,294725,296950
2018-02-01,E03,6,372700,330000
2018-03-01,E03,9,437247,425000
2018-04-01,E03,10,402050,355000
2018-05-01,E03,19,521579,347500
2018-06-01,E03,8,447500,368000
2018-07-01,E03,15,390927,329000
2018-08-01,E03,7,365757,370000
2018-09-01,E03,7,348714,343000
2018-10-01,E03,18,398728,362500
2018-11-01,E03,7,393414,395000
2018-12-01,E03,13,480708,350000
2019-01-01,E03,3,320667,325000
2019-02-01,E03,4,383700,366650
2019-03-01,E03,14,377271,355500
2019-04-01,E03,15,482480,361000
2019-05-01,E03,10,449750,380000
2019-06-01,E03,12,412692,365000
2019-07-01,E03,11,472127,385000
2019-08-01,E03,9,380889,378000
2019-09-01,E03,13,480454,395000
2019-10-01,E03,12,500208,367350
2019-11-01,E03,9,515656,440000
2019-12-01,E03,8,389400,392500
2020-01-01,E03,6,456148,438000
2020-02-01,E03,8,515475,402000
2020-03-01,E03,9,518556,457000
2020-04-01,E03,2,420000,420000
2020-05-01,E03,9,412159,415000
2020-06-01,E03,9,459389,417000
2020-07-01,E03,13,549692,500000
2020-08-01,E03,16,459306,446500
2020-09-01,E03,18,519561,451000
2020-10-01,E03,13,466745,430000
2020-11-01,E03,5,470600,435000
2020-12-01,E03,10,472400,433500
2021-01-01,E03,13,450373,440000
2021-02-01,E03,17,478559,437000
2021-03-01,E03,24,502467,462500
2021-04-01,E03,15,501849,470000
